[OK] Fetching project info
master\main\umbrella_app.xliff
