Configuration file is invalid. Check the following parameters in your configuration file:
	- Parameter 'update_option' in configuration file has unacceptable value
