Configuration file is invalid. Check the following parameters in your configuration file:
	- `Translation` parameter is empty