Configuration file is invalid. Check the following parameters in your configuration file:
	- `Translation` section doesn't contain language variables
