Configuration file is invalid. Check the following parameters in your configuration file:
	- Section 'files' in configuration file is empty